Component: ARM Compiler 5.06 update 6 (build 750) Tool: armlink [4d35ed]

==============================================================================

Section Cross References

    main.o(i.SysTick_Handler) refers to irq.o(i.rt_interrupt_enter) for rt_interrupt_enter
    main.o(i.SysTick_Handler) refers to clock.o(i.rt_tick_increase) for rt_tick_increase
    main.o(i.SysTick_Handler) refers to irq.o(i.rt_interrupt_leave) for rt_interrupt_leave
    main.o(i.flag1_thread_entry) refers to thread.o(i.rt_thread_delay) for rt_thread_delay
    main.o(i.flag1_thread_entry) refers to main.o(.data) for flag1
    main.o(i.flag2_thread_entry) refers to thread.o(i.rt_thread_delay) for rt_thread_delay
    main.o(i.flag2_thread_entry) refers to main.o(.data) for flag2
    main.o(i.main) refers to context_rvds.o(.text) for rt_hw_interrupt_disable
    main.o(i.main) refers to scheduler.o(i.rt_system_scheduler_init) for rt_system_scheduler_init
    main.o(i.main) refers to idle.o(i.rt_thread_idle_init) for rt_thread_idle_init
    main.o(i.main) refers to thread.o(i.rt_thread_init) for rt_thread_init
    main.o(i.main) refers to thread.o(i.rt_thread_startup) for rt_thread_startup
    main.o(i.main) refers to scheduler.o(i.rt_system_scheduler_start) for rt_system_scheduler_start
    main.o(i.main) refers to system_armcm3.o(.data) for SystemCoreClock
    main.o(i.main) refers to main.o(.bss) for rt_flag1_thread_stack
    main.o(i.main) refers to main.o(i.flag1_thread_entry) for flag1_thread_entry
    main.o(i.main) refers to main.o(i.flag2_thread_entry) for flag2_thread_entry
    context_rvds.o(.text) refers to cpuport.o(.data) for rt_interrupt_to_thread
    scheduler.o(i.rt_schedule) refers to context_rvds.o(.text) for rt_hw_interrupt_disable
    scheduler.o(i.rt_schedule) refers to kservice.o(i.__rt_ffs) for __rt_ffs
    scheduler.o(i.rt_schedule) refers to scheduler.o(.data) for rt_thread_ready_priority_group
    scheduler.o(i.rt_schedule) refers to scheduler.o(.bss) for rt_thread_priority_table
    scheduler.o(i.rt_schedule_insert_thread) refers to context_rvds.o(.text) for rt_hw_interrupt_disable
    scheduler.o(i.rt_schedule_insert_thread) refers to scheduler.o(.bss) for rt_thread_priority_table
    scheduler.o(i.rt_schedule_insert_thread) refers to scheduler.o(.data) for rt_thread_ready_priority_group
    scheduler.o(i.rt_schedule_remove_thread) refers to context_rvds.o(.text) for rt_hw_interrupt_disable
    scheduler.o(i.rt_schedule_remove_thread) refers to scheduler.o(.bss) for rt_thread_priority_table
    scheduler.o(i.rt_schedule_remove_thread) refers to scheduler.o(.data) for rt_thread_ready_priority_group
    scheduler.o(i.rt_system_scheduler_init) refers to scheduler.o(.bss) for rt_thread_priority_table
    scheduler.o(i.rt_system_scheduler_init) refers to scheduler.o(.data) for rt_current_priority
    scheduler.o(i.rt_system_scheduler_start) refers to kservice.o(i.__rt_ffs) for __rt_ffs
    scheduler.o(i.rt_system_scheduler_start) refers to context_rvds.o(.text) for rt_hw_context_switch_to
    scheduler.o(i.rt_system_scheduler_start) refers to scheduler.o(.data) for rt_thread_ready_priority_group
    scheduler.o(i.rt_system_scheduler_start) refers to scheduler.o(.bss) for rt_thread_priority_table
    thread.o(i.rt_thread_delay) refers to context_rvds.o(.text) for rt_hw_interrupt_disable
    thread.o(i.rt_thread_delay) refers to scheduler.o(i.rt_schedule) for rt_schedule
    thread.o(i.rt_thread_delay) refers to scheduler.o(.data) for rt_current_thread
    thread.o(i.rt_thread_init) refers to object.o(i.rt_object_init) for rt_object_init
    thread.o(i.rt_thread_init) refers to cpuport.o(i.rt_hw_stack_init) for rt_hw_stack_init
    thread.o(i.rt_thread_resume) refers to context_rvds.o(.text) for rt_hw_interrupt_disable
    thread.o(i.rt_thread_resume) refers to scheduler.o(i.rt_schedule_insert_thread) for rt_schedule_insert_thread
    thread.o(i.rt_thread_self) refers to scheduler.o(.data) for rt_current_thread
    thread.o(i.rt_thread_startup) refers to thread.o(i.rt_thread_resume) for rt_thread_resume
    thread.o(i.rt_thread_startup) refers to thread.o(i.rt_thread_self) for rt_thread_self
    thread.o(i.rt_thread_startup) refers to scheduler.o(i.rt_schedule) for rt_schedule
    object.o(i.rt_object_detach) refers to context_rvds.o(.text) for rt_hw_interrupt_disable
    object.o(i.rt_object_get_information) refers to object.o(.data) for rt_object_container
    object.o(i.rt_object_init) refers to object.o(i.rt_object_get_information) for rt_object_get_information
    object.o(i.rt_object_init) refers to kservice.o(i.rt_strncpy) for rt_strncpy
    object.o(i.rt_object_init) refers to context_rvds.o(.text) for rt_hw_interrupt_disable
    kservice.o(i.__rt_ffs) refers to kservice.o(.constdata) for __lowest_bit_bitmap
    idle.o(i.rt_thread_idle_entry) refers to idle.o(.data) for rt_idletask_ctr
    idle.o(i.rt_thread_idle_init) refers to thread.o(i.rt_thread_init) for rt_thread_init
    idle.o(i.rt_thread_idle_init) refers to thread.o(i.rt_thread_startup) for rt_thread_startup
    idle.o(i.rt_thread_idle_init) refers to idle.o(.bss) for rt_thread_stack
    idle.o(i.rt_thread_idle_init) refers to idle.o(i.rt_thread_idle_entry) for rt_thread_idle_entry
    irq.o(i.rt_interrupt_enter) refers to context_rvds.o(.text) for rt_hw_interrupt_disable
    irq.o(i.rt_interrupt_enter) refers to irq.o(.data) for rt_interrupt_nest
    irq.o(i.rt_interrupt_leave) refers to context_rvds.o(.text) for rt_hw_interrupt_disable
    irq.o(i.rt_interrupt_leave) refers to irq.o(.data) for rt_interrupt_nest
    clock.o(i.rt_tick_increase) refers to scheduler.o(i.rt_schedule) for rt_schedule
    clock.o(i.rt_tick_increase) refers to clock.o(.data) for rt_tick
    clock.o(i.rt_tick_increase) refers to scheduler.o(.bss) for rt_thread_priority_table
    clock.o(i.rt_tick_increase) refers to scheduler.o(.data) for rt_thread_ready_priority_group
    startup_armcm3.o(STACK) refers (Special) to heapauxi.o(.text) for __use_two_region_memory
    startup_armcm3.o(HEAP) refers (Special) to heapauxi.o(.text) for __use_two_region_memory
    startup_armcm3.o(RESET) refers (Special) to heapauxi.o(.text) for __use_two_region_memory
    startup_armcm3.o(RESET) refers to startup_armcm3.o(STACK) for __initial_sp
    startup_armcm3.o(RESET) refers to startup_armcm3.o(.text) for Reset_Handler
    startup_armcm3.o(RESET) refers to context_rvds.o(.text) for PendSV_Handler
    startup_armcm3.o(RESET) refers to main.o(i.SysTick_Handler) for SysTick_Handler
    startup_armcm3.o(.text) refers (Special) to heapauxi.o(.text) for __use_two_region_memory
    startup_armcm3.o(.text) refers to system_armcm3.o(i.SystemInit) for SystemInit
    startup_armcm3.o(.text) refers to __main.o(!!!main) for __main
    startup_armcm3.o(.text) refers to startup_armcm3.o(HEAP) for Heap_Mem
    startup_armcm3.o(.text) refers to startup_armcm3.o(STACK) for Stack_Mem
    system_armcm3.o(i.SystemCoreClockUpdate) refers to system_armcm3.o(.data) for SystemCoreClock
    system_armcm3.o(i.SystemInit) refers to startup_armcm3.o(RESET) for __Vectors
    system_armcm3.o(i.SystemInit) refers to system_armcm3.o(.data) for SystemCoreClock
    __main.o(!!!main) refers to __rtentry.o(.ARM.Collect$$rtentry$$00000000) for __rt_entry
    __rtentry.o(.ARM.Collect$$rtentry$$00000000) refers (Special) to __rtentry2.o(.ARM.Collect$$rtentry$$0000000A) for __rt_entry_li
    __rtentry.o(.ARM.Collect$$rtentry$$00000000) refers (Special) to __rtentry2.o(.ARM.Collect$$rtentry$$0000000D) for __rt_entry_main
    __rtentry.o(.ARM.Collect$$rtentry$$00000000) refers (Special) to __rtentry2.o(.ARM.Collect$$rtentry$$0000000C) for __rt_entry_postli_1
    __rtentry.o(.ARM.Collect$$rtentry$$00000000) refers (Special) to __rtentry2.o(.ARM.Collect$$rtentry$$00000009) for __rt_entry_postsh_1
    __rtentry.o(.ARM.Collect$$rtentry$$00000000) refers (Special) to __rtentry2.o(.ARM.Collect$$rtentry$$00000002) for __rt_entry_presh_1
    __rtentry.o(.ARM.Collect$$rtentry$$00000000) refers (Special) to __rtentry4.o(.ARM.Collect$$rtentry$$00000004) for __rt_entry_sh
    __rtentry2.o(.ARM.Collect$$rtentry$$00000008) refers to boardinit2.o(.text) for _platform_post_stackheap_init
    __rtentry2.o(.ARM.Collect$$rtentry$$0000000A) refers to libinit.o(.ARM.Collect$$libinit$$00000000) for __rt_lib_init
    __rtentry2.o(.ARM.Collect$$rtentry$$0000000B) refers to boardinit3.o(.text) for _platform_post_lib_init
    __rtentry2.o(.ARM.Collect$$rtentry$$0000000D) refers to main.o(i.main) for main
    __rtentry2.o(.ARM.Collect$$rtentry$$0000000D) refers to exit.o(.text) for exit
    __rtentry2.o(.ARM.exidx) refers to __rtentry2.o(.ARM.Collect$$rtentry$$00000001) for .ARM.Collect$$rtentry$$00000001
    __rtentry2.o(.ARM.exidx) refers to __rtentry2.o(.ARM.Collect$$rtentry$$00000008) for .ARM.Collect$$rtentry$$00000008
    __rtentry2.o(.ARM.exidx) refers to __rtentry2.o(.ARM.Collect$$rtentry$$0000000A) for .ARM.Collect$$rtentry$$0000000A
    __rtentry2.o(.ARM.exidx) refers to __rtentry2.o(.ARM.Collect$$rtentry$$0000000B) for .ARM.Collect$$rtentry$$0000000B
    __rtentry2.o(.ARM.exidx) refers to __rtentry2.o(.ARM.Collect$$rtentry$$0000000D) for .ARM.Collect$$rtentry$$0000000D
    __rtentry4.o(.ARM.Collect$$rtentry$$00000004) refers to sys_stackheap_outer.o(.text) for __user_setup_stackheap
    __rtentry4.o(.ARM.exidx) refers to __rtentry4.o(.ARM.Collect$$rtentry$$00000004) for .ARM.Collect$$rtentry$$00000004
    sys_stackheap_outer.o(.text) refers to libspace.o(.text) for __user_perproc_libspace
    sys_stackheap_outer.o(.text) refers to startup_armcm3.o(.text) for __user_initial_stackheap
    exit.o(.text) refers to rtexit.o(.ARM.Collect$$rtexit$$00000000) for __rt_exit
    libinit.o(.ARM.Collect$$libinit$$00000000) refers (Special) to libinit2.o(.ARM.Collect$$libinit$$0000002E) for __rt_lib_init_alloca_1
    libinit.o(.ARM.Collect$$libinit$$00000000) refers (Special) to libinit2.o(.ARM.Collect$$libinit$$0000002C) for __rt_lib_init_argv_1
    libinit.o(.ARM.Collect$$libinit$$00000000) refers (Special) to libinit2.o(.ARM.Collect$$libinit$$0000001B) for __rt_lib_init_atexit_1
    libinit.o(.ARM.Collect$$libinit$$00000000) refers (Special) to libinit2.o(.ARM.Collect$$libinit$$00000021) for __rt_lib_init_clock_1
    libinit.o(.ARM.Collect$$libinit$$00000000) refers (Special) to libinit2.o(.ARM.Collect$$libinit$$00000032) for __rt_lib_init_cpp_1
    libinit.o(.ARM.Collect$$libinit$$00000000) refers (Special) to libinit2.o(.ARM.Collect$$libinit$$00000030) for __rt_lib_init_exceptions_1
    libinit.o(.ARM.Collect$$libinit$$00000000) refers (Special) to libinit2.o(.ARM.Collect$$libinit$$00000002) for __rt_lib_init_fp_1
    libinit.o(.ARM.Collect$$libinit$$00000000) refers (Special) to libinit2.o(.ARM.Collect$$libinit$$0000001F) for __rt_lib_init_fp_trap_1
    libinit.o(.ARM.Collect$$libinit$$00000000) refers (Special) to libinit2.o(.ARM.Collect$$libinit$$00000023) for __rt_lib_init_getenv_1
    libinit.o(.ARM.Collect$$libinit$$00000000) refers (Special) to libinit2.o(.ARM.Collect$$libinit$$0000000A) for __rt_lib_init_heap_1
    libinit.o(.ARM.Collect$$libinit$$00000000) refers (Special) to libinit2.o(.ARM.Collect$$libinit$$00000011) for __rt_lib_init_lc_collate_1
    libinit.o(.ARM.Collect$$libinit$$00000000) refers (Special) to libinit2.o(.ARM.Collect$$libinit$$00000013) for __rt_lib_init_lc_ctype_1
    libinit.o(.ARM.Collect$$libinit$$00000000) refers (Special) to libinit2.o(.ARM.Collect$$libinit$$00000015) for __rt_lib_init_lc_monetary_1
    libinit.o(.ARM.Collect$$libinit$$00000000) refers (Special) to libinit2.o(.ARM.Collect$$libinit$$00000017) for __rt_lib_init_lc_numeric_1
    libinit.o(.ARM.Collect$$libinit$$00000000) refers (Special) to libinit2.o(.ARM.Collect$$libinit$$00000019) for __rt_lib_init_lc_time_1
    libinit.o(.ARM.Collect$$libinit$$00000000) refers (Special) to libinit2.o(.ARM.Collect$$libinit$$00000004) for __rt_lib_init_preinit_1
    libinit.o(.ARM.Collect$$libinit$$00000000) refers (Special) to libinit2.o(.ARM.Collect$$libinit$$0000000E) for __rt_lib_init_rand_1
    libinit.o(.ARM.Collect$$libinit$$00000000) refers (Special) to libinit2.o(.ARM.Collect$$libinit$$00000033) for __rt_lib_init_return
    libinit.o(.ARM.Collect$$libinit$$00000000) refers (Special) to libinit2.o(.ARM.Collect$$libinit$$0000001D) for __rt_lib_init_signal_1
    libinit.o(.ARM.Collect$$libinit$$00000000) refers (Special) to libinit2.o(.ARM.Collect$$libinit$$00000025) for __rt_lib_init_stdio_1
    libinit.o(.ARM.Collect$$libinit$$00000000) refers (Special) to libinit2.o(.ARM.Collect$$libinit$$0000000C) for __rt_lib_init_user_alloc_1
    libspace.o(.text) refers to libspace.o(.bss) for __libspace_start
    rtexit.o(.ARM.Collect$$rtexit$$00000000) refers (Special) to rtexit2.o(.ARM.Collect$$rtexit$$00000004) for __rt_exit_exit
    rtexit.o(.ARM.Collect$$rtexit$$00000000) refers (Special) to rtexit2.o(.ARM.Collect$$rtexit$$00000003) for __rt_exit_ls
    rtexit.o(.ARM.Collect$$rtexit$$00000000) refers (Special) to rtexit2.o(.ARM.Collect$$rtexit$$00000002) for __rt_exit_prels_1
    rtexit.o(.ARM.exidx) refers (Special) to rtexit2.o(.ARM.Collect$$rtexit$$00000004) for __rt_exit_exit
    rtexit.o(.ARM.exidx) refers (Special) to rtexit2.o(.ARM.Collect$$rtexit$$00000003) for __rt_exit_ls
    rtexit.o(.ARM.exidx) refers (Special) to rtexit2.o(.ARM.Collect$$rtexit$$00000002) for __rt_exit_prels_1
    rtexit.o(.ARM.exidx) refers to rtexit.o(.ARM.Collect$$rtexit$$00000000) for .ARM.Collect$$rtexit$$00000000
    libinit2.o(.ARM.Collect$$libinit$$00000010) refers to libinit2.o(.ARM.Collect$$libinit$$0000000F) for .ARM.Collect$$libinit$$0000000F
    libinit2.o(.ARM.Collect$$libinit$$00000012) refers to libinit2.o(.ARM.Collect$$libinit$$0000000F) for .ARM.Collect$$libinit$$0000000F
    libinit2.o(.ARM.Collect$$libinit$$00000014) refers to libinit2.o(.ARM.Collect$$libinit$$0000000F) for .ARM.Collect$$libinit$$0000000F
    libinit2.o(.ARM.Collect$$libinit$$00000016) refers to libinit2.o(.ARM.Collect$$libinit$$0000000F) for .ARM.Collect$$libinit$$0000000F
    libinit2.o(.ARM.Collect$$libinit$$00000018) refers to libinit2.o(.ARM.Collect$$libinit$$0000000F) for .ARM.Collect$$libinit$$0000000F
    libinit2.o(.ARM.Collect$$libinit$$00000026) refers to argv_veneer.o(.emb_text) for __ARM_argv_veneer
    libinit2.o(.ARM.Collect$$libinit$$00000027) refers to argv_veneer.o(.emb_text) for __ARM_argv_veneer
    rtexit2.o(.ARM.Collect$$rtexit$$00000003) refers to libshutdown.o(.ARM.Collect$$libshutdown$$00000000) for __rt_lib_shutdown
    rtexit2.o(.ARM.Collect$$rtexit$$00000004) refers to sys_exit.o(.text) for _sys_exit
    rtexit2.o(.ARM.exidx) refers to rtexit2.o(.ARM.Collect$$rtexit$$00000001) for .ARM.Collect$$rtexit$$00000001
    rtexit2.o(.ARM.exidx) refers to rtexit2.o(.ARM.Collect$$rtexit$$00000003) for .ARM.Collect$$rtexit$$00000003
    rtexit2.o(.ARM.exidx) refers to rtexit2.o(.ARM.Collect$$rtexit$$00000004) for .ARM.Collect$$rtexit$$00000004
    argv_veneer.o(.emb_text) refers to no_argv.o(.text) for __ARM_get_argv
    sys_exit.o(.text) refers (Special) to use_no_semi.o(.text) for __I$use$semihosting
    sys_exit.o(.text) refers (Special) to indicate_semi.o(.text) for __semihosting_library_function
    _get_argv_nomalloc.o(.text) refers (Special) to hrguard.o(.text) for __heap_region$guard
    _get_argv_nomalloc.o(.text) refers to defsig_rtmem_outer.o(.text) for __rt_SIGRTMEM
    _get_argv_nomalloc.o(.text) refers to sys_command.o(.text) for _sys_command_string
    libshutdown.o(.ARM.Collect$$libshutdown$$00000000) refers (Special) to libshutdown2.o(.ARM.Collect$$libshutdown$$00000002) for __rt_lib_shutdown_cpp_1
    libshutdown.o(.ARM.Collect$$libshutdown$$00000000) refers (Special) to libshutdown2.o(.ARM.Collect$$libshutdown$$00000007) for __rt_lib_shutdown_fp_trap_1
    libshutdown.o(.ARM.Collect$$libshutdown$$00000000) refers (Special) to libshutdown2.o(.ARM.Collect$$libshutdown$$0000000F) for __rt_lib_shutdown_heap_1
    libshutdown.o(.ARM.Collect$$libshutdown$$00000000) refers (Special) to libshutdown2.o(.ARM.Collect$$libshutdown$$00000010) for __rt_lib_shutdown_return
    libshutdown.o(.ARM.Collect$$libshutdown$$00000000) refers (Special) to libshutdown2.o(.ARM.Collect$$libshutdown$$0000000A) for __rt_lib_shutdown_signal_1
    libshutdown.o(.ARM.Collect$$libshutdown$$00000000) refers (Special) to libshutdown2.o(.ARM.Collect$$libshutdown$$00000004) for __rt_lib_shutdown_stdio_1
    libshutdown.o(.ARM.Collect$$libshutdown$$00000000) refers (Special) to libshutdown2.o(.ARM.Collect$$libshutdown$$0000000C) for __rt_lib_shutdown_user_alloc_1
    sys_command.o(.text) refers (Special) to use_no_semi.o(.text) for __I$use$semihosting
    sys_command.o(.text) refers (Special) to indicate_semi.o(.text) for __semihosting_library_function
    defsig_rtmem_outer.o(.text) refers to defsig_rtmem_inner.o(.text) for __rt_SIGRTMEM_inner
    defsig_rtmem_outer.o(.text) refers to defsig_exit.o(.text) for __sig_exit
    defsig_rtmem_formal.o(.text) refers to rt_raise.o(.text) for __rt_raise
    rt_raise.o(.text) refers to __raise.o(.text) for __raise
    rt_raise.o(.text) refers to sys_exit.o(.text) for _sys_exit
    defsig_exit.o(.text) refers to sys_exit.o(.text) for _sys_exit
    defsig_rtmem_inner.o(.text) refers to defsig_general.o(.text) for __default_signal_display
    __raise.o(.text) refers to defsig.o(CL$$defsig) for __default_signal_handler
    defsig_general.o(.text) refers to sys_wrch.o(.text) for _ttywrch
    sys_wrch.o(.text) refers (Special) to use_no_semi.o(.text) for __I$use$semihosting
    sys_wrch.o(.text) refers (Special) to indicate_semi.o(.text) for __semihosting_library_function
    defsig.o(CL$$defsig) refers to defsig_rtmem_inner.o(.text) for __rt_SIGRTMEM_inner
    defsig_abrt_inner.o(.text) refers to defsig_general.o(.text) for __default_signal_display
    defsig_fpe_inner.o(.text) refers to defsig_general.o(.text) for __default_signal_display
    defsig_rtred_inner.o(.text) refers to defsig_general.o(.text) for __default_signal_display
    defsig_stak_inner.o(.text) refers to defsig_general.o(.text) for __default_signal_display
    defsig_pvfn_inner.o(.text) refers to defsig_general.o(.text) for __default_signal_display
    defsig_cppl_inner.o(.text) refers to defsig_general.o(.text) for __default_signal_display
    defsig_segv_inner.o(.text) refers to defsig_general.o(.text) for __default_signal_display
    defsig_other.o(.text) refers to defsig_general.o(.text) for __default_signal_display


==============================================================================

Removing Unused input sections from the image.

    Removing main.o(.rev16_text), (4 bytes).
    Removing main.o(.revsh_text), (4 bytes).
    Removing main.o(.rrx_text), (6 bytes).
    Removing main.o(i.delay), (10 bytes).
    Removing scheduler.o(i.rt_schedule_remove_thread), (84 bytes).
    Removing object.o(i.rt_object_detach), (40 bytes).
    Removing object.o(i.rt_object_is_systemobject), (18 bytes).
    Removing system_armcm3.o(.rev16_text), (4 bytes).
    Removing system_armcm3.o(.revsh_text), (4 bytes).
    Removing system_armcm3.o(.rrx_text), (6 bytes).
    Removing system_armcm3.o(i.SystemCoreClockUpdate), (16 bytes).

11 unused section(s) (total 196 bytes) removed from the image.

==============================================================================

Image Symbol Table

    Local Symbols

    Symbol Name                              Value     Ov Type        Size  Object(Section)

    RESET                                    0x00000000   Section      192  startup_armcm3.o(RESET)
    ../clib/angel/boardlib.s                 0x00000000   Number         0  boardinit2.o ABSOLUTE
    ../clib/angel/boardlib.s                 0x00000000   Number         0  boardshut.o ABSOLUTE
    ../clib/angel/boardlib.s                 0x00000000   Number         0  boardinit3.o ABSOLUTE
    ../clib/angel/boardlib.s                 0x00000000   Number         0  boardinit1.o ABSOLUTE
    ../clib/angel/handlers.s                 0x00000000   Number         0  __scatter_copy.o ABSOLUTE
    ../clib/angel/handlers.s                 0x00000000   Number         0  __scatter_zi.o ABSOLUTE
    ../clib/angel/kernel.s                   0x00000000   Number         0  __rtentry2.o ABSOLUTE
    ../clib/angel/kernel.s                   0x00000000   Number         0  rtexit2.o ABSOLUTE
    ../clib/angel/kernel.s                   0x00000000   Number         0  rtexit.o ABSOLUTE
    ../clib/angel/kernel.s                   0x00000000   Number         0  __rtentry.o ABSOLUTE
    ../clib/angel/kernel.s                   0x00000000   Number         0  __rtentry4.o ABSOLUTE
    ../clib/angel/rt.s                       0x00000000   Number         0  rt_raise.o ABSOLUTE
    ../clib/angel/scatter.s                  0x00000000   Number         0  __scatter.o ABSOLUTE
    ../clib/angel/startup.s                  0x00000000   Number         0  __main.o ABSOLUTE
    ../clib/angel/sys.s                      0x00000000   Number         0  use_no_semi.o ABSOLUTE
    ../clib/angel/sys.s                      0x00000000   Number         0  sys_stackheap_outer.o ABSOLUTE
    ../clib/angel/sys.s                      0x00000000   Number         0  libspace.o ABSOLUTE
    ../clib/angel/sys.s                      0x00000000   Number         0  indicate_semi.o ABSOLUTE
    ../clib/angel/sysapp.c                   0x00000000   Number         0  sys_wrch.o ABSOLUTE
    ../clib/angel/sysapp.c                   0x00000000   Number         0  sys_exit.o ABSOLUTE
    ../clib/angel/sysapp.c                   0x00000000   Number         0  sys_command.o ABSOLUTE
    ../clib/armsys.c                         0x00000000   Number         0  no_argv.o ABSOLUTE
    ../clib/armsys.c                         0x00000000   Number         0  argv_veneer.o ABSOLUTE
    ../clib/armsys.c                         0x00000000   Number         0  argv_veneer.o ABSOLUTE
    ../clib/armsys.c                         0x00000000   Number         0  _get_argv_nomalloc.o ABSOLUTE
    ../clib/heapalloc.c                      0x00000000   Number         0  hrguard.o ABSOLUTE
    ../clib/heapaux.c                        0x00000000   Number         0  heapauxi.o ABSOLUTE
    ../clib/libinit.s                        0x00000000   Number         0  libshutdown2.o ABSOLUTE
    ../clib/libinit.s                        0x00000000   Number         0  libinit.o ABSOLUTE
    ../clib/libinit.s                        0x00000000   Number         0  libshutdown.o ABSOLUTE
    ../clib/libinit.s                        0x00000000   Number         0  libinit2.o ABSOLUTE
    ../clib/signal.c                         0x00000000   Number         0  defsig_rtred_inner.o ABSOLUTE
    ../clib/signal.c                         0x00000000   Number         0  defsig_rtmem_outer.o ABSOLUTE
    ../clib/signal.c                         0x00000000   Number         0  defsig_other.o ABSOLUTE
    ../clib/signal.c                         0x00000000   Number         0  defsig_segv_inner.o ABSOLUTE
    ../clib/signal.c                         0x00000000   Number         0  defsig_cppl_inner.o ABSOLUTE
    ../clib/signal.c                         0x00000000   Number         0  defsig_pvfn_inner.o ABSOLUTE
    ../clib/signal.c                         0x00000000   Number         0  defsig_stak_inner.o ABSOLUTE
    ../clib/signal.c                         0x00000000   Number         0  defsig_rtmem_formal.o ABSOLUTE
    ../clib/signal.c                         0x00000000   Number         0  defsig_fpe_inner.o ABSOLUTE
    ../clib/signal.c                         0x00000000   Number         0  defsig_abrt_inner.o ABSOLUTE
    ../clib/signal.c                         0x00000000   Number         0  defsig_general.o ABSOLUTE
    ../clib/signal.c                         0x00000000   Number         0  __raise.o ABSOLUTE
    ../clib/signal.c                         0x00000000   Number         0  defsig_rtmem_inner.o ABSOLUTE
    ../clib/signal.c                         0x00000000   Number         0  defsig_exit.o ABSOLUTE
    ../clib/signal.s                         0x00000000   Number         0  defsig.o ABSOLUTE
    ../clib/stdlib.c                         0x00000000   Number         0  exit.o ABSOLUTE
    ../fplib/fpinit.s                        0x00000000   Number         0  fpinit.o ABSOLUTE
    ..\User\main.c                           0x00000000   Number         0  main.o ABSOLUTE
    ..\\User\\main.c                         0x00000000   Number         0  main.o ABSOLUTE
    ..\rtthread\3.0.3\libcpu\arm\cortex-m3\context_rvds.s 0x00000000   Number         0  context_rvds.o ABSOLUTE
    ..\rtthread\3.0.3\libcpu\arm\cortex-m3\cpuport.c 0x00000000   Number         0  cpuport.o ABSOLUTE
    ..\rtthread\3.0.3\src\clock.c            0x00000000   Number         0  clock.o ABSOLUTE
    ..\rtthread\3.0.3\src\idle.c             0x00000000   Number         0  idle.o ABSOLUTE
    ..\rtthread\3.0.3\src\irq.c              0x00000000   Number         0  irq.o ABSOLUTE
    ..\rtthread\3.0.3\src\kservice.c         0x00000000   Number         0  kservice.o ABSOLUTE
    ..\rtthread\3.0.3\src\object.c           0x00000000   Number         0  object.o ABSOLUTE
    ..\rtthread\3.0.3\src\scheduler.c        0x00000000   Number         0  scheduler.o ABSOLUTE
    ..\rtthread\3.0.3\src\thread.c           0x00000000   Number         0  thread.o ABSOLUTE
    RTE\Device\ARMCM3\startup_ARMCM3.s       0x00000000   Number         0  startup_armcm3.o ABSOLUTE
    RTE\Device\ARMCM3\system_ARMCM3.c        0x00000000   Number         0  system_armcm3.o ABSOLUTE
    RTE\\Device\\ARMCM3\\system_ARMCM3.c     0x00000000   Number         0  system_armcm3.o ABSOLUTE
    dc.s                                     0x00000000   Number         0  dc.o ABSOLUTE
    !!!main                                  0x000000c0   Section        8  __main.o(!!!main)
    !!!scatter                               0x000000c8   Section       52  __scatter.o(!!!scatter)
    !!handler_copy                           0x000000fc   Section       26  __scatter_copy.o(!!handler_copy)
    !!handler_zi                             0x00000118   Section       28  __scatter_zi.o(!!handler_zi)
    .ARM.Collect$$libinit$$00000000          0x00000134   Section        2  libinit.o(.ARM.Collect$$libinit$$00000000)
    .ARM.Collect$$libinit$$00000002          0x00000136   Section        0  libinit2.o(.ARM.Collect$$libinit$$00000002)
    .ARM.Collect$$libinit$$00000004          0x00000136   Section        0  libinit2.o(.ARM.Collect$$libinit$$00000004)
    .ARM.Collect$$libinit$$0000000A          0x00000136   Section        0  libinit2.o(.ARM.Collect$$libinit$$0000000A)
    .ARM.Collect$$libinit$$0000000C          0x00000136   Section        0  libinit2.o(.ARM.Collect$$libinit$$0000000C)
    .ARM.Collect$$libinit$$0000000E          0x00000136   Section        0  libinit2.o(.ARM.Collect$$libinit$$0000000E)
    .ARM.Collect$$libinit$$00000011          0x00000136   Section        0  libinit2.o(.ARM.Collect$$libinit$$00000011)
    .ARM.Collect$$libinit$$00000013          0x00000136   Section        0  libinit2.o(.ARM.Collect$$libinit$$00000013)
    .ARM.Collect$$libinit$$00000015          0x00000136   Section        0  libinit2.o(.ARM.Collect$$libinit$$00000015)
    .ARM.Collect$$libinit$$00000017          0x00000136   Section        0  libinit2.o(.ARM.Collect$$libinit$$00000017)
    .ARM.Collect$$libinit$$00000019          0x00000136   Section        0  libinit2.o(.ARM.Collect$$libinit$$00000019)
    .ARM.Collect$$libinit$$0000001B          0x00000136   Section        0  libinit2.o(.ARM.Collect$$libinit$$0000001B)
    .ARM.Collect$$libinit$$0000001D          0x00000136   Section        0  libinit2.o(.ARM.Collect$$libinit$$0000001D)
    .ARM.Collect$$libinit$$0000001F          0x00000136   Section        0  libinit2.o(.ARM.Collect$$libinit$$0000001F)
    .ARM.Collect$$libinit$$00000021          0x00000136   Section        0  libinit2.o(.ARM.Collect$$libinit$$00000021)
    .ARM.Collect$$libinit$$00000023          0x00000136   Section        0  libinit2.o(.ARM.Collect$$libinit$$00000023)
    .ARM.Collect$$libinit$$00000025          0x00000136   Section        0  libinit2.o(.ARM.Collect$$libinit$$00000025)
    .ARM.Collect$$libinit$$0000002C          0x00000136   Section        0  libinit2.o(.ARM.Collect$$libinit$$0000002C)
    .ARM.Collect$$libinit$$0000002E          0x00000136   Section        0  libinit2.o(.ARM.Collect$$libinit$$0000002E)
    .ARM.Collect$$libinit$$00000030          0x00000136   Section        0  libinit2.o(.ARM.Collect$$libinit$$00000030)
    .ARM.Collect$$libinit$$00000032          0x00000136   Section        0  libinit2.o(.ARM.Collect$$libinit$$00000032)
    .ARM.Collect$$libinit$$00000033          0x00000136   Section        2  libinit2.o(.ARM.Collect$$libinit$$00000033)
    .ARM.Collect$$libshutdown$$00000000      0x00000138   Section        2  libshutdown.o(.ARM.Collect$$libshutdown$$00000000)
    .ARM.Collect$$libshutdown$$00000002      0x0000013a   Section        0  libshutdown2.o(.ARM.Collect$$libshutdown$$00000002)
    .ARM.Collect$$libshutdown$$00000004      0x0000013a   Section        0  libshutdown2.o(.ARM.Collect$$libshutdown$$00000004)
    .ARM.Collect$$libshutdown$$00000007      0x0000013a   Section        0  libshutdown2.o(.ARM.Collect$$libshutdown$$00000007)
    .ARM.Collect$$libshutdown$$0000000A      0x0000013a   Section        0  libshutdown2.o(.ARM.Collect$$libshutdown$$0000000A)
    .ARM.Collect$$libshutdown$$0000000C      0x0000013a   Section        0  libshutdown2.o(.ARM.Collect$$libshutdown$$0000000C)
    .ARM.Collect$$libshutdown$$0000000F      0x0000013a   Section        0  libshutdown2.o(.ARM.Collect$$libshutdown$$0000000F)
    .ARM.Collect$$libshutdown$$00000010      0x0000013a   Section        2  libshutdown2.o(.ARM.Collect$$libshutdown$$00000010)
    .ARM.Collect$$rtentry$$00000000          0x0000013c   Section        0  __rtentry.o(.ARM.Collect$$rtentry$$00000000)
    .ARM.Collect$$rtentry$$00000002          0x0000013c   Section        0  __rtentry2.o(.ARM.Collect$$rtentry$$00000002)
    .ARM.Collect$$rtentry$$00000004          0x0000013c   Section        6  __rtentry4.o(.ARM.Collect$$rtentry$$00000004)
    .ARM.Collect$$rtentry$$00000009          0x00000142   Section        0  __rtentry2.o(.ARM.Collect$$rtentry$$00000009)
    .ARM.Collect$$rtentry$$0000000A          0x00000142   Section        4  __rtentry2.o(.ARM.Collect$$rtentry$$0000000A)
    .ARM.Collect$$rtentry$$0000000C          0x00000146   Section        0  __rtentry2.o(.ARM.Collect$$rtentry$$0000000C)
    .ARM.Collect$$rtentry$$0000000D          0x00000146   Section        8  __rtentry2.o(.ARM.Collect$$rtentry$$0000000D)
    .ARM.Collect$$rtexit$$00000000           0x0000014e   Section        2  rtexit.o(.ARM.Collect$$rtexit$$00000000)
    .ARM.Collect$$rtexit$$00000002           0x00000150   Section        0  rtexit2.o(.ARM.Collect$$rtexit$$00000002)
    .ARM.Collect$$rtexit$$00000003           0x00000150   Section        4  rtexit2.o(.ARM.Collect$$rtexit$$00000003)
    .ARM.Collect$$rtexit$$00000004           0x00000154   Section        6  rtexit2.o(.ARM.Collect$$rtexit$$00000004)
    .text                                    0x0000015c   Section      180  context_rvds.o(.text)
    .text                                    0x00000210   Section       64  startup_armcm3.o(.text)
    .text                                    0x00000250   Section        0  heapauxi.o(.text)
    .text                                    0x00000256   Section       74  sys_stackheap_outer.o(.text)
    .text                                    0x000002a0   Section        0  exit.o(.text)
    .text                                    0x000002b4   Section        8  libspace.o(.text)
    .text                                    0x000002bc   Section        0  sys_exit.o(.text)
    .text                                    0x000002c8   Section        2  use_no_semi.o(.text)
    .text                                    0x000002ca   Section        0  indicate_semi.o(.text)
    i.SysTick_Handler                        0x000002ca   Section        0  main.o(i.SysTick_Handler)
    i.SystemInit                             0x000002dc   Section        0  system_armcm3.o(i.SystemInit)
    i.__rt_ffs                               0x000002fc   Section        0  kservice.o(i.__rt_ffs)
    i.flag1_thread_entry                     0x00000348   Section        0  main.o(i.flag1_thread_entry)
    i.flag2_thread_entry                     0x00000368   Section        0  main.o(i.flag2_thread_entry)
    i.main                                   0x00000388   Section        0  main.o(i.main)
    i.rt_hw_stack_init                       0x0000046c   Section        0  cpuport.o(i.rt_hw_stack_init)
    i.rt_interrupt_enter                     0x000004ac   Section        0  irq.o(i.rt_interrupt_enter)
    i.rt_interrupt_leave                     0x000004cc   Section        0  irq.o(i.rt_interrupt_leave)
    i.rt_object_get_information              0x000004ec   Section        0  object.o(i.rt_object_get_information)
    i.rt_object_init                         0x00000514   Section        0  object.o(i.rt_object_init)
    i.rt_schedule                            0x0000055c   Section        0  scheduler.o(i.rt_schedule)
    i.rt_schedule_insert_thread              0x000005bc   Section        0  scheduler.o(i.rt_schedule_insert_thread)
    i.rt_strncpy                             0x00000604   Section        0  kservice.o(i.rt_strncpy)
    i.rt_system_scheduler_init               0x00000638   Section        0  scheduler.o(i.rt_system_scheduler_init)
    i.rt_system_scheduler_start              0x00000674   Section        0  scheduler.o(i.rt_system_scheduler_start)
    i.rt_thread_delay                        0x000006a4   Section        0  thread.o(i.rt_thread_delay)
    i.rt_thread_idle_entry                   0x000006dc   Section        0  idle.o(i.rt_thread_idle_entry)
    i.rt_thread_idle_init                    0x000006f0   Section        0  idle.o(i.rt_thread_idle_init)
    i.rt_thread_init                         0x00000728   Section        0  thread.o(i.rt_thread_init)
    i.rt_thread_resume                       0x00000784   Section        0  thread.o(i.rt_thread_resume)
    i.rt_thread_self                         0x000007c8   Section        0  thread.o(i.rt_thread_self)
    i.rt_thread_startup                      0x000007d4   Section        0  thread.o(i.rt_thread_startup)
    i.rt_tick_increase                       0x00000800   Section        0  clock.o(i.rt_tick_increase)
    .constdata                               0x0000084c   Section      256  kservice.o(.constdata)
    .data                                    0x20000000   Section        2  main.o(.data)
    .data                                    0x20000004   Section       12  cpuport.o(.data)
    .data                                    0x20000010   Section       20  scheduler.o(.data)
    .data                                    0x20000024   Section       32  object.o(.data)
    rt_object_container                      0x20000024   Data          32  object.o(.data)
    .data                                    0x20000044   Section        4  idle.o(.data)
    .data                                    0x20000048   Section        1  irq.o(.data)
    .data                                    0x2000004c   Section        4  clock.o(.data)
    rt_tick                                  0x2000004c   Data           4  clock.o(.data)
    .data                                    0x20000050   Section        4  system_armcm3.o(.data)
    .bss                                     0x20000054   Section     1160  main.o(.bss)
    .bss                                     0x200004dc   Section      256  scheduler.o(.bss)
    .bss                                     0x200005dc   Section      580  idle.o(.bss)
    rt_thread_stack                          0x200005dc   Data         512  idle.o(.bss)
    .bss                                     0x20000820   Section       96  libspace.o(.bss)
    HEAP                                     0x20000880   Section     3072  startup_armcm3.o(HEAP)
    Heap_Mem                                 0x20000880   Data        3072  startup_armcm3.o(HEAP)
    STACK                                    0x20001480   Section     1024  startup_armcm3.o(STACK)
    Stack_Mem                                0x20001480   Data        1024  startup_armcm3.o(STACK)
    __initial_sp                             0x20001880   Data           0  startup_armcm3.o(STACK)

    Global Symbols

    Symbol Name                              Value     Ov Type        Size  Object(Section)

    BuildAttributes$$THM_ISAv4$P$D$K$B$S$PE$A:L22UL41UL21$X:L11$S22US41US21$IEEE1$IW$USESV6$~STKCKD$USESV7$~SHL$OSPACE$ROPI$EBA8$UX$STANDARDLIB$REQ8$PRES8$EABIv2 0x00000000   Number         0  anon$$obj.o ABSOLUTE
    __ARM_use_no_argv                        0x00000000   Number         0  main.o ABSOLUTE
    __Vectors                                0x00000000   Data           4  startup_armcm3.o(RESET)
    __ARM_exceptions_init                     - Undefined Weak Reference
    __alloca_initialize                       - Undefined Weak Reference
    __arm_preinit_                            - Undefined Weak Reference
    __cpp_initialize__aeabi_                  - Undefined Weak Reference
    __cxa_finalize                            - Undefined Weak Reference
    __rt_locale                               - Undefined Weak Reference
    __sigvec_lookup                           - Undefined Weak Reference
    _atexit_init                              - Undefined Weak Reference
    _call_atexit_fns                          - Undefined Weak Reference
    _clock_init                               - Undefined Weak Reference
    _fp_trap_init                             - Undefined Weak Reference
    _fp_trap_shutdown                         - Undefined Weak Reference
    _get_lc_collate                           - Undefined Weak Reference
    _get_lc_ctype                             - Undefined Weak Reference
    _get_lc_monetary                          - Undefined Weak Reference
    _get_lc_numeric                           - Undefined Weak Reference
    _get_lc_time                              - Undefined Weak Reference
    _getenv_init                              - Undefined Weak Reference
    _handle_redirection                       - Undefined Weak Reference
    _init_alloc                               - Undefined Weak Reference
    _init_user_alloc                          - Undefined Weak Reference
    _initio                                   - Undefined Weak Reference
    _rand_init                                - Undefined Weak Reference
    _signal_finish                            - Undefined Weak Reference
    _signal_init                              - Undefined Weak Reference
    _terminate_alloc                          - Undefined Weak Reference
    _terminate_user_alloc                     - Undefined Weak Reference
    _terminateio                              - Undefined Weak Reference
    __Vectors_End                            0x000000c0   Data           0  startup_armcm3.o(RESET)
    __Vectors_Size                           0x000000c0   Number         0  startup_armcm3.o ABSOLUTE
    __main                                   0x000000c1   Thumb Code     8  __main.o(!!!main)
    __scatterload                            0x000000c9   Thumb Code     0  __scatter.o(!!!scatter)
    __scatterload_rt2                        0x000000c9   Thumb Code    44  __scatter.o(!!!scatter)
    __scatterload_rt2_thumb_only             0x000000c9   Thumb Code     0  __scatter.o(!!!scatter)
    __scatterload_null                       0x000000d7   Thumb Code     0  __scatter.o(!!!scatter)
    __scatterload_copy                       0x000000fd   Thumb Code    26  __scatter_copy.o(!!handler_copy)
    __scatterload_zeroinit                   0x00000119   Thumb Code    28  __scatter_zi.o(!!handler_zi)
    __rt_lib_init                            0x00000135   Thumb Code     0  libinit.o(.ARM.Collect$$libinit$$00000000)
    __rt_lib_init_alloca_1                   0x00000137   Thumb Code     0  libinit2.o(.ARM.Collect$$libinit$$0000002E)
    __rt_lib_init_argv_1                     0x00000137   Thumb Code     0  libinit2.o(.ARM.Collect$$libinit$$0000002C)
    __rt_lib_init_atexit_1                   0x00000137   Thumb Code     0  libinit2.o(.ARM.Collect$$libinit$$0000001B)
    __rt_lib_init_clock_1                    0x00000137   Thumb Code     0  libinit2.o(.ARM.Collect$$libinit$$00000021)
    __rt_lib_init_cpp_1                      0x00000137   Thumb Code     0  libinit2.o(.ARM.Collect$$libinit$$00000032)
    __rt_lib_init_exceptions_1               0x00000137   Thumb Code     0  libinit2.o(.ARM.Collect$$libinit$$00000030)
    __rt_lib_init_fp_1                       0x00000137   Thumb Code     0  libinit2.o(.ARM.Collect$$libinit$$00000002)
    __rt_lib_init_fp_trap_1                  0x00000137   Thumb Code     0  libinit2.o(.ARM.Collect$$libinit$$0000001F)
    __rt_lib_init_getenv_1                   0x00000137   Thumb Code     0  libinit2.o(.ARM.Collect$$libinit$$00000023)
    __rt_lib_init_heap_1                     0x00000137   Thumb Code     0  libinit2.o(.ARM.Collect$$libinit$$0000000A)
    __rt_lib_init_lc_collate_1               0x00000137   Thumb Code     0  libinit2.o(.ARM.Collect$$libinit$$00000011)
    __rt_lib_init_lc_ctype_1                 0x00000137   Thumb Code     0  libinit2.o(.ARM.Collect$$libinit$$00000013)
    __rt_lib_init_lc_monetary_1              0x00000137   Thumb Code     0  libinit2.o(.ARM.Collect$$libinit$$00000015)
    __rt_lib_init_lc_numeric_1               0x00000137   Thumb Code     0  libinit2.o(.ARM.Collect$$libinit$$00000017)
    __rt_lib_init_lc_time_1                  0x00000137   Thumb Code     0  libinit2.o(.ARM.Collect$$libinit$$00000019)
    __rt_lib_init_preinit_1                  0x00000137   Thumb Code     0  libinit2.o(.ARM.Collect$$libinit$$00000004)
    __rt_lib_init_rand_1                     0x00000137   Thumb Code     0  libinit2.o(.ARM.Collect$$libinit$$0000000E)
    __rt_lib_init_return                     0x00000137   Thumb Code     0  libinit2.o(.ARM.Collect$$libinit$$00000033)
    __rt_lib_init_signal_1                   0x00000137   Thumb Code     0  libinit2.o(.ARM.Collect$$libinit$$0000001D)
    __rt_lib_init_stdio_1                    0x00000137   Thumb Code     0  libinit2.o(.ARM.Collect$$libinit$$00000025)
    __rt_lib_init_user_alloc_1               0x00000137   Thumb Code     0  libinit2.o(.ARM.Collect$$libinit$$0000000C)
    __rt_lib_shutdown                        0x00000139   Thumb Code     0  libshutdown.o(.ARM.Collect$$libshutdown$$00000000)
    __rt_lib_shutdown_cpp_1                  0x0000013b   Thumb Code     0  libshutdown2.o(.ARM.Collect$$libshutdown$$00000002)
    __rt_lib_shutdown_fp_trap_1              0x0000013b   Thumb Code     0  libshutdown2.o(.ARM.Collect$$libshutdown$$00000007)
    __rt_lib_shutdown_heap_1                 0x0000013b   Thumb Code     0  libshutdown2.o(.ARM.Collect$$libshutdown$$0000000F)
    __rt_lib_shutdown_return                 0x0000013b   Thumb Code     0  libshutdown2.o(.ARM.Collect$$libshutdown$$00000010)
    __rt_lib_shutdown_signal_1               0x0000013b   Thumb Code     0  libshutdown2.o(.ARM.Collect$$libshutdown$$0000000A)
    __rt_lib_shutdown_stdio_1                0x0000013b   Thumb Code     0  libshutdown2.o(.ARM.Collect$$libshutdown$$00000004)
    __rt_lib_shutdown_user_alloc_1           0x0000013b   Thumb Code     0  libshutdown2.o(.ARM.Collect$$libshutdown$$0000000C)
    __rt_entry                               0x0000013d   Thumb Code     0  __rtentry.o(.ARM.Collect$$rtentry$$00000000)
    __rt_entry_presh_1                       0x0000013d   Thumb Code     0  __rtentry2.o(.ARM.Collect$$rtentry$$00000002)
    __rt_entry_sh                            0x0000013d   Thumb Code     0  __rtentry4.o(.ARM.Collect$$rtentry$$00000004)
    __rt_entry_li                            0x00000143   Thumb Code     0  __rtentry2.o(.ARM.Collect$$rtentry$$0000000A)
    __rt_entry_postsh_1                      0x00000143   Thumb Code     0  __rtentry2.o(.ARM.Collect$$rtentry$$00000009)
    __rt_entry_main                          0x00000147   Thumb Code     0  __rtentry2.o(.ARM.Collect$$rtentry$$0000000D)
    __rt_entry_postli_1                      0x00000147   Thumb Code     0  __rtentry2.o(.ARM.Collect$$rtentry$$0000000C)
    __rt_exit                                0x0000014f   Thumb Code     0  rtexit.o(.ARM.Collect$$rtexit$$00000000)
    __rt_exit_ls                             0x00000151   Thumb Code     0  rtexit2.o(.ARM.Collect$$rtexit$$00000003)
    __rt_exit_prels_1                        0x00000151   Thumb Code     0  rtexit2.o(.ARM.Collect$$rtexit$$00000002)
    __rt_exit_exit                           0x00000155   Thumb Code     0  rtexit2.o(.ARM.Collect$$rtexit$$00000004)
    rt_hw_interrupt_disable                  0x0000015d   Thumb Code     8  context_rvds.o(.text)
    rt_hw_interrupt_enable                   0x00000165   Thumb Code     6  context_rvds.o(.text)
    rt_hw_context_switch_to                  0x0000016b   Thumb Code    48  context_rvds.o(.text)
    rt_hw_context_switch                     0x0000019b   Thumb Code    36  context_rvds.o(.text)
    PendSV_Handler                           0x000001bf   Thumb Code    60  context_rvds.o(.text)
    Reset_Handler                            0x00000211   Thumb Code     8  startup_armcm3.o(.text)
    NMI_Handler                              0x00000219   Thumb Code     2  startup_armcm3.o(.text)
    HardFault_Handler                        0x0000021b   Thumb Code     2  startup_armcm3.o(.text)
    MemManage_Handler                        0x0000021d   Thumb Code     2  startup_armcm3.o(.text)
    BusFault_Handler                         0x0000021f   Thumb Code     2  startup_armcm3.o(.text)
    UsageFault_Handler                       0x00000221   Thumb Code     2  startup_armcm3.o(.text)
    SVC_Handler                              0x00000223   Thumb Code     2  startup_armcm3.o(.text)
    DebugMon_Handler                         0x00000225   Thumb Code     2  startup_armcm3.o(.text)
    AACI_IRQHandler                          0x0000022b   Thumb Code     0  startup_armcm3.o(.text)
    CAN_IRQHandler                           0x0000022b   Thumb Code     0  startup_armcm3.o(.text)
    CHLCD_IRQHandler                         0x0000022b   Thumb Code     0  startup_armcm3.o(.text)
    CLCD_IRQHandler                          0x0000022b   Thumb Code     0  startup_armcm3.o(.text)
    CPU_CLCD_IRQHandler                      0x0000022b   Thumb Code     0  startup_armcm3.o(.text)
    ENET_IRQHandler                          0x0000022b   Thumb Code     0  startup_armcm3.o(.text)
    FLEXRAY_IRQHandler                       0x0000022b   Thumb Code     0  startup_armcm3.o(.text)
    I2C_IRQHandler                           0x0000022b   Thumb Code     0  startup_armcm3.o(.text)
    LIN_IRQHandler                           0x0000022b   Thumb Code     0  startup_armcm3.o(.text)
    MCIA_IRQHandler                          0x0000022b   Thumb Code     0  startup_armcm3.o(.text)
    MCIB_IRQHandler                          0x0000022b   Thumb Code     0  startup_armcm3.o(.text)
    RTC_IRQHandler                           0x0000022b   Thumb Code     0  startup_armcm3.o(.text)
    SPI_IRQHandler                           0x0000022b   Thumb Code     0  startup_armcm3.o(.text)
    TIM0_IRQHandler                          0x0000022b   Thumb Code     0  startup_armcm3.o(.text)
    TIM2_IRQHandler                          0x0000022b   Thumb Code     0  startup_armcm3.o(.text)
    UART0_IRQHandler                         0x0000022b   Thumb Code     0  startup_armcm3.o(.text)
    UART1_IRQHandler                         0x0000022b   Thumb Code     0  startup_armcm3.o(.text)
    UART2_IRQHandler                         0x0000022b   Thumb Code     0  startup_armcm3.o(.text)
    UART3_IRQHandler                         0x0000022b   Thumb Code     0  startup_armcm3.o(.text)
    UART4_IRQHandler                         0x0000022b   Thumb Code     0  startup_armcm3.o(.text)
    USBDC_IRQHandler                         0x0000022b   Thumb Code     0  startup_armcm3.o(.text)
    USBHC_IRQHandler                         0x0000022b   Thumb Code     0  startup_armcm3.o(.text)
    WDT_IRQHandler                           0x0000022b   Thumb Code     0  startup_armcm3.o(.text)
    __user_initial_stackheap                 0x0000022d   Thumb Code    10  startup_armcm3.o(.text)
    __use_two_region_memory                  0x00000251   Thumb Code     2  heapauxi.o(.text)
    __rt_heap_escrow$2region                 0x00000253   Thumb Code     2  heapauxi.o(.text)
    __rt_heap_expand$2region                 0x00000255   Thumb Code     2  heapauxi.o(.text)
    __user_setup_stackheap                   0x00000257   Thumb Code    74  sys_stackheap_outer.o(.text)
    exit                                     0x000002a1   Thumb Code    18  exit.o(.text)
    __user_libspace                          0x000002b5   Thumb Code     8  libspace.o(.text)
    __user_perproc_libspace                  0x000002b5   Thumb Code     0  libspace.o(.text)
    __user_perthread_libspace                0x000002b5   Thumb Code     0  libspace.o(.text)
    _sys_exit                                0x000002bd   Thumb Code     8  sys_exit.o(.text)
    __I$use$semihosting                      0x000002c9   Thumb Code     0  use_no_semi.o(.text)
    __use_no_semihosting_swi                 0x000002c9   Thumb Code     2  use_no_semi.o(.text)
    SysTick_Handler                          0x000002cb   Thumb Code    16  main.o(i.SysTick_Handler)
    __semihosting_library_function           0x000002cb   Thumb Code     0  indicate_semi.o(.text)
    SystemInit                               0x000002dd   Thumb Code    14  system_armcm3.o(i.SystemInit)
    __rt_ffs                                 0x000002fd   Thumb Code    70  kservice.o(i.__rt_ffs)
    flag1_thread_entry                       0x00000349   Thumb Code    28  main.o(i.flag1_thread_entry)
    flag2_thread_entry                       0x00000369   Thumb Code    28  main.o(i.flag2_thread_entry)
    main                                     0x00000389   Thumb Code   160  main.o(i.main)
    rt_hw_stack_init                         0x0000046d   Thumb Code    58  cpuport.o(i.rt_hw_stack_init)
    rt_interrupt_enter                       0x000004ad   Thumb Code    26  irq.o(i.rt_interrupt_enter)
    rt_interrupt_leave                       0x000004cd   Thumb Code    26  irq.o(i.rt_interrupt_leave)
    rt_object_get_information                0x000004ed   Thumb Code    36  object.o(i.rt_object_get_information)
    rt_object_init                           0x00000515   Thumb Code    70  object.o(i.rt_object_init)
    rt_schedule                              0x0000055d   Thumb Code    78  scheduler.o(i.rt_schedule)
    rt_schedule_insert_thread                0x000005bd   Thumb Code    64  scheduler.o(i.rt_schedule_insert_thread)
    rt_strncpy                               0x00000605   Thumb Code    52  kservice.o(i.rt_strncpy)
    rt_system_scheduler_init                 0x00000639   Thumb Code    44  scheduler.o(i.rt_system_scheduler_init)
    rt_system_scheduler_start                0x00000675   Thumb Code    36  scheduler.o(i.rt_system_scheduler_start)
    rt_thread_delay                          0x000006a5   Thumb Code    46  thread.o(i.rt_thread_delay)
    rt_thread_idle_entry                     0x000006dd   Thumb Code    16  idle.o(i.rt_thread_idle_entry)
    rt_thread_idle_init                      0x000006f1   Thumb Code    36  idle.o(i.rt_thread_idle_init)
    rt_thread_init                           0x00000729   Thumb Code    92  thread.o(i.rt_thread_init)
    rt_thread_resume                         0x00000785   Thumb Code    66  thread.o(i.rt_thread_resume)
    rt_thread_self                           0x000007c9   Thumb Code     6  thread.o(i.rt_thread_self)
    rt_thread_startup                        0x000007d5   Thumb Code    44  thread.o(i.rt_thread_startup)
    rt_tick_increase                         0x00000801   Thumb Code    64  clock.o(i.rt_tick_increase)
    __lowest_bit_bitmap                      0x0000084c   Data         256  kservice.o(.constdata)
    Region$$Table$$Base                      0x0000094c   Number         0  anon$$obj.o(Region$$Table)
    Region$$Table$$Limit                     0x0000096c   Number         0  anon$$obj.o(Region$$Table)
    flag1                                    0x20000000   Data           1  main.o(.data)
    flag2                                    0x20000001   Data           1  main.o(.data)
    rt_interrupt_from_thread                 0x20000004   Data           4  cpuport.o(.data)
    rt_interrupt_to_thread                   0x20000008   Data           4  cpuport.o(.data)
    rt_thread_switch_interrupt_flag          0x2000000c   Data           4  cpuport.o(.data)
    rt_current_thread                        0x20000010   Data           4  scheduler.o(.data)
    rt_thread_ready_priority_group           0x20000014   Data           4  scheduler.o(.data)
    rt_current_priority                      0x20000018   Data           1  scheduler.o(.data)
    rt_thread_defunct                        0x2000001c   Data           8  scheduler.o(.data)
    rt_idletask_ctr                          0x20000044   Data           4  idle.o(.data)
    rt_interrupt_nest                        0x20000048   Data           1  irq.o(.data)
    SystemCoreClock                          0x20000050   Data           4  system_armcm3.o(.data)
    rt_flag1_thread                          0x20000054   Data          68  main.o(.bss)
    rt_flag2_thread                          0x20000098   Data          68  main.o(.bss)
    rt_flag1_thread_stack                    0x200000dc   Data         512  main.o(.bss)
    rt_flag2_thread_stack                    0x200002dc   Data         512  main.o(.bss)
    rt_thread_priority_table                 0x200004dc   Data         256  scheduler.o(.bss)
    idle                                     0x200007dc   Data          68  idle.o(.bss)
    __libspace_start                         0x20000820   Data          96  libspace.o(.bss)
    __temporary_stack_top$libspace           0x20000880   Data           0  libspace.o(.bss)



==============================================================================

Memory Map of the image

  Image Entry point : 0x000000c1

  Load Region LR_IROM1 (Base: 0x00000000, Size: 0x000009c0, Max: 0x00040000, ABSOLUTE)

    Execution Region ER_IROM1 (Exec base: 0x00000000, Load base: 0x00000000, Size: 0x0000096c, Max: 0x00040000, ABSOLUTE)

    Exec Addr    Load Addr    Size         Type   Attr      Idx    E Section Name        Object

    0x00000000   0x00000000   0x000000c0   Data   RO          318    RESET               startup_armcm3.o
    0x000000c0   0x000000c0   0x00000008   Code   RO          368  * !!!main             c_w.l(__main.o)
    0x000000c8   0x000000c8   0x00000034   Code   RO          525    !!!scatter          c_w.l(__scatter.o)
    0x000000fc   0x000000fc   0x0000001a   Code   RO          527    !!handler_copy      c_w.l(__scatter_copy.o)
    0x00000116   0x00000116   0x00000002   PAD
    0x00000118   0x00000118   0x0000001c   Code   RO          529    !!handler_zi        c_w.l(__scatter_zi.o)
    0x00000134   0x00000134   0x00000002   Code   RO          395    .ARM.Collect$$libinit$$00000000  c_w.l(libinit.o)
    0x00000136   0x00000136   0x00000000   Code   RO          402    .ARM.Collect$$libinit$$00000002  c_w.l(libinit2.o)
    0x00000136   0x00000136   0x00000000   Code   RO          404    .ARM.Collect$$libinit$$00000004  c_w.l(libinit2.o)
    0x00000136   0x00000136   0x00000000   Code   RO          407    .ARM.Collect$$libinit$$0000000A  c_w.l(libinit2.o)
    0x00000136   0x00000136   0x00000000   Code   RO          409    .ARM.Collect$$libinit$$0000000C  c_w.l(libinit2.o)
    0x00000136   0x00000136   0x00000000   Code   RO          411    .ARM.Collect$$libinit$$0000000E  c_w.l(libinit2.o)
    0x00000136   0x00000136   0x00000000   Code   RO          414    .ARM.Collect$$libinit$$00000011  c_w.l(libinit2.o)
    0x00000136   0x00000136   0x00000000   Code   RO          416    .ARM.Collect$$libinit$$00000013  c_w.l(libinit2.o)
    0x00000136   0x00000136   0x00000000   Code   RO          418    .ARM.Collect$$libinit$$00000015  c_w.l(libinit2.o)
    0x00000136   0x00000136   0x00000000   Code   RO          420    .ARM.Collect$$libinit$$00000017  c_w.l(libinit2.o)
    0x00000136   0x00000136   0x00000000   Code   RO          422    .ARM.Collect$$libinit$$00000019  c_w.l(libinit2.o)
    0x00000136   0x00000136   0x00000000   Code   RO          424    .ARM.Collect$$libinit$$0000001B  c_w.l(libinit2.o)
    0x00000136   0x00000136   0x00000000   Code   RO          426    .ARM.Collect$$libinit$$0000001D  c_w.l(libinit2.o)
    0x00000136   0x00000136   0x00000000   Code   RO          428    .ARM.Collect$$libinit$$0000001F  c_w.l(libinit2.o)
    0x00000136   0x00000136   0x00000000   Code   RO          430    .ARM.Collect$$libinit$$00000021  c_w.l(libinit2.o)
    0x00000136   0x00000136   0x00000000   Code   RO          432    .ARM.Collect$$libinit$$00000023  c_w.l(libinit2.o)
    0x00000136   0x00000136   0x00000000   Code   RO          434    .ARM.Collect$$libinit$$00000025  c_w.l(libinit2.o)
    0x00000136   0x00000136   0x00000000   Code   RO          438    .ARM.Collect$$libinit$$0000002C  c_w.l(libinit2.o)
    0x00000136   0x00000136   0x00000000   Code   RO          440    .ARM.Collect$$libinit$$0000002E  c_w.l(libinit2.o)
    0x00000136   0x00000136   0x00000000   Code   RO          442    .ARM.Collect$$libinit$$00000030  c_w.l(libinit2.o)
    0x00000136   0x00000136   0x00000000   Code   RO          444    .ARM.Collect$$libinit$$00000032  c_w.l(libinit2.o)
    0x00000136   0x00000136   0x00000002   Code   RO          445    .ARM.Collect$$libinit$$00000033  c_w.l(libinit2.o)
    0x00000138   0x00000138   0x00000002   Code   RO          465    .ARM.Collect$$libshutdown$$00000000  c_w.l(libshutdown.o)
    0x0000013a   0x0000013a   0x00000000   Code   RO          478    .ARM.Collect$$libshutdown$$00000002  c_w.l(libshutdown2.o)
    0x0000013a   0x0000013a   0x00000000   Code   RO          480    .ARM.Collect$$libshutdown$$00000004  c_w.l(libshutdown2.o)
    0x0000013a   0x0000013a   0x00000000   Code   RO          483    .ARM.Collect$$libshutdown$$00000007  c_w.l(libshutdown2.o)
    0x0000013a   0x0000013a   0x00000000   Code   RO          486    .ARM.Collect$$libshutdown$$0000000A  c_w.l(libshutdown2.o)
    0x0000013a   0x0000013a   0x00000000   Code   RO          488    .ARM.Collect$$libshutdown$$0000000C  c_w.l(libshutdown2.o)
    0x0000013a   0x0000013a   0x00000000   Code   RO          491    .ARM.Collect$$libshutdown$$0000000F  c_w.l(libshutdown2.o)
    0x0000013a   0x0000013a   0x00000002   Code   RO          492    .ARM.Collect$$libshutdown$$00000010  c_w.l(libshutdown2.o)
    0x0000013c   0x0000013c   0x00000000   Code   RO          370    .ARM.Collect$$rtentry$$00000000  c_w.l(__rtentry.o)
    0x0000013c   0x0000013c   0x00000000   Code   RO          372    .ARM.Collect$$rtentry$$00000002  c_w.l(__rtentry2.o)
    0x0000013c   0x0000013c   0x00000006   Code   RO          384    .ARM.Collect$$rtentry$$00000004  c_w.l(__rtentry4.o)
    0x00000142   0x00000142   0x00000000   Code   RO          374    .ARM.Collect$$rtentry$$00000009  c_w.l(__rtentry2.o)
    0x00000142   0x00000142   0x00000004   Code   RO          375    .ARM.Collect$$rtentry$$0000000A  c_w.l(__rtentry2.o)
    0x00000146   0x00000146   0x00000000   Code   RO          377    .ARM.Collect$$rtentry$$0000000C  c_w.l(__rtentry2.o)
    0x00000146   0x00000146   0x00000008   Code   RO          378    .ARM.Collect$$rtentry$$0000000D  c_w.l(__rtentry2.o)
    0x0000014e   0x0000014e   0x00000002   Code   RO          399    .ARM.Collect$$rtexit$$00000000  c_w.l(rtexit.o)
    0x00000150   0x00000150   0x00000000   Code   RO          447    .ARM.Collect$$rtexit$$00000002  c_w.l(rtexit2.o)
    0x00000150   0x00000150   0x00000004   Code   RO          448    .ARM.Collect$$rtexit$$00000003  c_w.l(rtexit2.o)
    0x00000154   0x00000154   0x00000006   Code   RO          449    .ARM.Collect$$rtexit$$00000004  c_w.l(rtexit2.o)
    0x0000015a   0x0000015a   0x00000002   PAD
    0x0000015c   0x0000015c   0x000000b4   Code   RO           98    .text               context_rvds.o
    0x00000210   0x00000210   0x00000040   Code   RO          319    .text               startup_armcm3.o
    0x00000250   0x00000250   0x00000006   Code   RO          366    .text               c_w.l(heapauxi.o)
    0x00000256   0x00000256   0x0000004a   Code   RO          386    .text               c_w.l(sys_stackheap_outer.o)
    0x000002a0   0x000002a0   0x00000012   Code   RO          388    .text               c_w.l(exit.o)
    0x000002b2   0x000002b2   0x00000002   PAD
    0x000002b4   0x000002b4   0x00000008   Code   RO          396    .text               c_w.l(libspace.o)
    0x000002bc   0x000002bc   0x0000000c   Code   RO          457    .text               c_w.l(sys_exit.o)
    0x000002c8   0x000002c8   0x00000002   Code   RO          468    .text               c_w.l(use_no_semi.o)
    0x000002ca   0x000002ca   0x00000000   Code   RO          470    .text               c_w.l(indicate_semi.o)
    0x000002ca   0x000002ca   0x00000010   Code   RO            4    i.SysTick_Handler   main.o
    0x000002da   0x000002da   0x00000002   PAD
    0x000002dc   0x000002dc   0x00000020   Code   RO          327    i.SystemInit        system_armcm3.o
    0x000002fc   0x000002fc   0x0000004c   Code   RO          236    i.__rt_ffs          kservice.o
    0x00000348   0x00000348   0x00000020   Code   RO            6    i.flag1_thread_entry  main.o
    0x00000368   0x00000368   0x00000020   Code   RO            7    i.flag2_thread_entry  main.o
    0x00000388   0x00000388   0x000000e4   Code   RO            8    i.main              main.o
    0x0000046c   0x0000046c   0x00000040   Code   RO          102    i.rt_hw_stack_init  cpuport.o
    0x000004ac   0x000004ac   0x00000020   Code   RO          280    i.rt_interrupt_enter  irq.o
    0x000004cc   0x000004cc   0x00000020   Code   RO          281    i.rt_interrupt_leave  irq.o
    0x000004ec   0x000004ec   0x00000028   Code   RO          202    i.rt_object_get_information  object.o
    0x00000514   0x00000514   0x00000046   Code   RO          203    i.rt_object_init    object.o
    0x0000055a   0x0000055a   0x00000002   PAD
    0x0000055c   0x0000055c   0x00000060   Code   RO          117    i.rt_schedule       scheduler.o
    0x000005bc   0x000005bc   0x00000048   Code   RO          118    i.rt_schedule_insert_thread  scheduler.o
    0x00000604   0x00000604   0x00000034   Code   RO          237    i.rt_strncpy        kservice.o
    0x00000638   0x00000638   0x0000003c   Code   RO          120    i.rt_system_scheduler_init  scheduler.o
    0x00000674   0x00000674   0x00000030   Code   RO          121    i.rt_system_scheduler_start  scheduler.o
    0x000006a4   0x000006a4   0x00000038   Code   RO          161    i.rt_thread_delay   thread.o
    0x000006dc   0x000006dc   0x00000014   Code   RO          257    i.rt_thread_idle_entry  idle.o
    0x000006f0   0x000006f0   0x00000038   Code   RO          258    i.rt_thread_idle_init  idle.o
    0x00000728   0x00000728   0x0000005c   Code   RO          162    i.rt_thread_init    thread.o
    0x00000784   0x00000784   0x00000042   Code   RO          163    i.rt_thread_resume  thread.o
    0x000007c6   0x000007c6   0x00000002   PAD
    0x000007c8   0x000007c8   0x0000000c   Code   RO          164    i.rt_thread_self    thread.o
    0x000007d4   0x000007d4   0x0000002c   Code   RO          165    i.rt_thread_startup  thread.o
    0x00000800   0x00000800   0x0000004c   Code   RO          301    i.rt_tick_increase  clock.o
    0x0000084c   0x0000084c   0x00000100   Data   RO          238    .constdata          kservice.o
    0x0000094c   0x0000094c   0x00000020   Data   RO          523    Region$$Table       anon$$obj.o


    Execution Region RW_IRAM1 (Exec base: 0x20000000, Load base: 0x0000096c, Size: 0x00001880, Max: 0x00020000, ABSOLUTE)

    Exec Addr    Load Addr    Size         Type   Attr      Idx    E Section Name        Object

    0x20000000   0x0000096c   0x00000002   Data   RW           10    .data               main.o
    0x20000002   0x0000096e   0x00000002   PAD
    0x20000004   0x00000970   0x0000000c   Data   RW          103    .data               cpuport.o
    0x20000010   0x0000097c   0x00000014   Data   RW          123    .data               scheduler.o
    0x20000024   0x00000990   0x00000020   Data   RW          205    .data               object.o
    0x20000044   0x000009b0   0x00000004   Data   RW          260    .data               idle.o
    0x20000048   0x000009b4   0x00000001   Data   RW          282    .data               irq.o
    0x20000049   0x000009b5   0x00000003   PAD
    0x2000004c   0x000009b8   0x00000004   Data   RW          302    .data               clock.o
    0x20000050   0x000009bc   0x00000004   Data   RW          328    .data               system_armcm3.o
    0x20000054        -       0x00000488   Zero   RW            9    .bss                main.o
    0x200004dc        -       0x00000100   Zero   RW          122    .bss                scheduler.o
    0x200005dc        -       0x00000244   Zero   RW          259    .bss                idle.o
    0x20000820        -       0x00000060   Zero   RW          397    .bss                c_w.l(libspace.o)
    0x20000880        -       0x00000c00   Zero   RW          317    HEAP                startup_armcm3.o
    0x20001480        -       0x00000400   Zero   RW          316    STACK               startup_armcm3.o


==============================================================================

Image component sizes


      Code (inc. data)   RO Data    RW Data    ZI Data      Debug   Object Name

        76         12          0          4          0        687   clock.o
       180         22          0          0          0        640   context_rvds.o
        64          6          0         12          0       1793   cpuport.o
        76         24          0          4        580       1615   idle.o
        64         12          0          1          0       1426   irq.o
       128          6        256          0          0       1814   kservice.o
       308         76          0          2       1160      37503   main.o
       110          4          0         32          0       2769   object.o
       276         54          0         20        256       4038   scheduler.o
        64         26        192          0       4096        824   startup_armcm3.o
        32         18          0          4          0        635   system_armcm3.o
       270         16          0          0          0       3827   thread.o

    ----------------------------------------------------------------------
      1654        276        480         84       6092      57571   Object Totals
         0          0         32          0          0          0   (incl. Generated)
         6          0          0          5          0          0   (incl. Padding)

    ----------------------------------------------------------------------

      Code (inc. data)   RO Data    RW Data    ZI Data      Debug   Library Member Name

         8          0          0          0          0         68   __main.o
         0          0          0          0          0          0   __rtentry.o
        12          0          0          0          0          0   __rtentry2.o
         6          0          0          0          0          0   __rtentry4.o
        52          8          0          0          0          0   __scatter.o
        26          0          0          0          0          0   __scatter_copy.o
        28          0          0          0          0          0   __scatter_zi.o
        18          0          0          0          0         80   exit.o
         6          0          0          0          0        152   heapauxi.o
         0          0          0          0          0          0   indicate_semi.o
         2          0          0          0          0          0   libinit.o
         2          0          0          0          0          0   libinit2.o
         2          0          0          0          0          0   libshutdown.o
         2          0          0          0          0          0   libshutdown2.o
         8          4          0          0         96         68   libspace.o
         2          0          0          0          0          0   rtexit.o
        10          0          0          0          0          0   rtexit2.o
        12          4          0          0          0         68   sys_exit.o
        74          0          0          0          0         80   sys_stackheap_outer.o
         2          0          0          0          0         68   use_no_semi.o

    ----------------------------------------------------------------------
       278         16          0          0         96        584   Library Totals
         6          0          0          0          0          0   (incl. Padding)

    ----------------------------------------------------------------------

      Code (inc. data)   RO Data    RW Data    ZI Data      Debug   Library Name

       272         16          0          0         96        584   c_w.l

    ----------------------------------------------------------------------
       278         16          0          0         96        584   Library Totals

    ----------------------------------------------------------------------

==============================================================================


      Code (inc. data)   RO Data    RW Data    ZI Data      Debug   

      1932        292        480         84       6188      56903   Grand Totals
      1932        292        480         84       6188      56903   ELF Image Totals
      1932        292        480         84          0          0   ROM Totals

==============================================================================

    Total RO  Size (Code + RO Data)                 2412 (   2.36kB)
    Total RW  Size (RW Data + ZI Data)              6272 (   6.13kB)
    Total ROM Size (Code + RO Data + RW Data)       2496 (   2.44kB)

==============================================================================

